<html>
<body>
<pre>
<h1>µVision Build Log</h1>
<h2>Tool Versions:</h2>
IDE-Version: µVision V5.23.0.0
Copyright (C) 2017 ARM Ltd and ARM Germany GmbH. All rights reserved.
License Information: k m, e, LIC=----
 
Tool Versions:
Toolchain:       MDK-Lite  Version: 5.23
Toolchain Path:  C:\Keil_v5\ARM\ARMCC\Bin
C Compiler:      Armcc.exe V5.06 update 4 (build 422)
Assembler:       Armasm.exe V5.06 update 4 (build 422)
Linker/Locator:  ArmLink.exe V5.06 update 4 (build 422)
Library Manager: ArmAr.exe V5.06 update 4 (build 422)
Hex Converter:   FromElf.exe V5.06 update 4 (build 422)
CPU DLL:         SARMCM3.DLL V5.23
Dialog DLL:      DARMP1.DLL V1.27.0.0
Target DLL:      Segger\JL2CM3.dll V2.99.23.0
Dialog DLL:      TARMP1.DLL V1.26.0.0
 
<h2>Project:</h2>
C:\Users\KEVIN\Desktop\ETIQ\1.ARM_Work\Git_Hub\OpenLab-ARM-LPC1768-LED-Blink-examples\Blinky\blink.uvproj
Project File Date:  06/21/2017

<h2>Output:</h2>
*** Using Compiler 'V5.06 update 4 (build 422)', folder: 'C:\Keil_v5\ARM\ARMCC\Bin'
*** Note: Rebuilding project, since 'Options->Output->Create Batch File' is selected.
Rebuild target 'Target 1'
assembling startup_LPC17xx.s...
compiling main.c...
main.c(39): warning:  #61-D: integer operation result is out of range
        
ATA_DIR = (0xFF << 
IN_D0);
main.c(39): warning:  #68-D: integer conversion resulted in a change of sign
        
ATA_DIR = (0xFF << 
IN_D0);
main.c(50): warning:  #1-D: last line of file ends without a newline
  }
main.c: 3 warnings, 0 errors
compiling system_LPC17xx.c...
linking...
Program Size: Code=964 RO-data=348 RW-data=4 ZI-data=612  
FromELF: creating hex file...
".\Objects\blink.axf" - 0 Error(s), 3 Warning(s).
Build Time Elapsed:  00:00:00
</pre>
</body>
</html>
